// Jest Snapshot v1, https://goo.gl/fbAQLP

exports[`the Modal component it works with react test renderer 1`] = `
.c0 {
  position: fixed;
  background: rgba(0,0,0,0.7);
  top: 0;
  right: 0;
  bottom: 0;
  left: 0;
  display: none;
  z-index: 2;
  display: grid;
  -webkit-align-items: center;
  -webkit-box-align: center;
  -ms-flex-align: center;
  align-items: center;
  justify-items: center;
}

.c0 .overlay-inner {
  background: white;
  overflow: auto;
  margin: 48px;
  width: 500px;
  min-height: 30vh;
  max-width: 80vw;
  padding: 2em 3em;
  position: relative;
  box-shadow: 0px 11px 15px -7px rgba(0,0,0,0.2), 0px 24px 38px 3px rgba(0,0,0,0.14), 0px 9px 46px 8px rgba(0,0,0,0.12);
}

.c0 .close {
  position: absolute;
  top: 0.3em;
  right: 0.3em;
  padding: 0.3em;
  font-size: 2rem;
  height: 1em;
  width: 1em;
  text-indent: 10em;
  overflow: hidden;
  background: none;
  color: black;
  border: 0;
  cursor: pointer;
}

.c0 .close:after {
  position: absolute;
  line-height: 0.5;
  top: 0.2em;
  left: 0.2em;
  text-indent: 0;
  content: '\\0D7';
}

<div
  className="c0"
  open={true}
>
  <div
    className="overlay-inner"
  >
    <button
      className="close"
      onClick={[Function]}
      type="button"
    >
      Close
    </button>
    nothing
  </div>
</div>
`;

exports[`the Modal component should match the last snapshot 1`] = `
<styled.div
  open={true}
>
  <div
    className="overlay-inner"
  >
    <button
      className="close"
      onClick={[Function]}
      type="button"
    >
      Close
    </button>
    nothing
  </div>
</styled.div>
`;
